     1                                  ; エントリーポイント
     2                                  
     3                                  BOOT_LOAD equ 0x7c00
     4                                  
     5                                  org BOOT_LOAD
     6                                  
     7                                  ; ****************************
     8                                  ; マクロ
     9                                  ; ****************************
    10                                  %include "../include/macro.s"
     1                              <1> %macro cdecl 1-*.nolist
     2                              <1>     
     3                              <1>     %rep %0 - 1
     4                              <1>         push %{-1:-1}
     5                              <1>         %rotate -1
     6                              <1>     %endrep
     7                              <1> 
     8                              <1>     %rotate -1
     9                              <1>         call %1
    10                              <1>     
    11                              <1>     %if 1 < %0
    12                              <1>         add sp, (__BITS__ >> 3) * (%0 - 1)
    13                              <1>     %endif
    14                              <1> 
    15                              <1> %endmacro
    11                                  
    12                                  ; ****************************
    13                                  ; エントリーポイント
    14                                  ; ****************************
    15                                  entry:
    16 00000000 EB58                        jmp ipl
    17                                  
    18                                      ; ---------
    19                                      ; BPB (BIOS Parameter Block)
    20                                      ; ---------
    21 00000002 90<rept>                    times 90 - ($ - $$) db 0x90
    22                                  
    23                                      ; ---------
    24                                      ; IPL(Initial Program Loader)
    25                                      ; --------- 
    26                                  
    27                                  ipl:
    28                                      ; BIOSが利用した時の値がそのまま残っているので、セグメントやスタックの値を設定しなおす
    29 0000005A FA                          cli ; セグメントの初期化や割り込みの設定時に割り込みが呼ばれてほしくないので、いったん止める
    30                                  
    31 0000005B B80000                      mov ax, 0x0000
    32 0000005E 8ED8                        mov ds, ax
    33 00000060 8EC0                        mov es, ax
    34 00000062 8ED0                        mov ss, ax
    35 00000064 BC007C                      mov sp, BOOT_LOAD ; スタックはブートローダーが読み込まれた場所から上に伸びていく
    36                                  
    37 00000067 FB                          sti ; 割り込みのうけつけを再開する
    38                                  
    39 00000068 8816[8400]                  mov [BOOT.DRIVE], dl ; ドライブ番号の保存
    40                                  
    41 0000006C 68[7700]E8290083C4-         cdecl puts, .s0
    41 00000074 02                 
    42                                  
    43 00000075 EBFE                        jmp $
    44                                  
    45 00000077 426F6F74696E672E2E-     .s0 db "Booting...", 0x0A, 0x0D, 0 ; 0x0A = LF, 0x0D = CR
    45 00000080 2E0A0D00           
    46                                  
    47                                  ALIGN 2, db 0
    48                                  BOOT: ; ブートドライブに関する情報
    49 00000084 0000                        .DRIVE dw 0 ; ドライブ番号
    50                                  
    51                                  
    52                                  ; ****************************
    53                                  ; モジュール
    54                                  ; ****************************
    55                                  %include "../modules/real/putc.s"
     1                              <1> ; putc
     2                              <1> ; @params ch (2 bytes) 文字コード
     3                              <1> ; @returns void
     4                              <1> putc:
     5                              <1>     ; スタックフレームの構築
     6 00000086 55                  <1>     push bp
     7 00000087 89E5                <1>     mov bp, sp
     8                              <1> 
     9                              <1>     ;+ 4 | 出力文字
    10                              <1>     ;+ 2 | IP
    11                              <1>     ;+ 0 | BP
    12                              <1> 
    13                              <1>     ; レジスタの保存
    14 00000089 50                  <1>     push ax
    15 0000008A 53                  <1>     push bx
    16                              <1> 
    17 0000008B 8A4604              <1>     mov al, [bp + 4]
    18 0000008E B40E                <1>     mov ah, 0x0e
    19 00000090 BB0000              <1>     mov bx, 0x0000
    20 00000093 CD10                <1>     int 0x10
    21                              <1> 
    22                              <1>     ; レジスタの復帰
    23 00000095 5B                  <1>     pop bx
    24 00000096 58                  <1>     pop ax
    25                              <1> 
    26                              <1>     ; スタックフレームの破棄
    27 00000097 89EC                <1>     mov sp, bp
    28 00000099 5D                  <1>     pop bp
    29                              <1> 
    30 0000009A C3                  <1>     ret
    56                                  %include "../modules/real/puts.s"
     1                              <1> ; puts
     2                              <1> ; @params address (2 bytes) 表示文字列へのアドレス
     3                              <1> ; @returns void
     4                              <1> 
     5                              <1> puts:
     6                              <1>     ; スタックフレームの構築
     7 0000009B 55                  <1>     push bp
     8 0000009C 89E5                <1>     mov bp, sp
     9                              <1> 
    10                              <1>     ; + 4 | 文字列へのアドレス
    11                              <1>     ; + 2 | IP
    12                              <1>     ; + 0 | BP
    13                              <1>     
    14                              <1>     ; レジスタの保存
    15 0000009E 50                  <1>     push ax
    16 0000009F 53                  <1>     push bx
    17 000000A0 56                  <1>     push si
    18                              <1> 
    19                              <1>     ; save arguments
    20 000000A1 8B7604              <1>     mov si, [bp + 4]
    21                              <1> 
    22 000000A4 B40E                <1>     mov ah, 0x0e   ; テレタイプ式1文字出力
    23 000000A6 BB0000              <1>     mov bx, 0x0000 ; ページ番号と文字色を0に設定
    24 000000A9 FC                  <1>     cld ; DF = 0
    25                              <1> 
    26                              <1> .10L:
    27 000000AA AC                  <1>     lodsb ; al = *si++;
    28                              <1> 
    29 000000AB 3C00                <1>     cmp al, 0
    30 000000AD 7404                <1>     je .10E
    31                              <1> 
    32 000000AF CD10                <1>     int 0x10
    33 000000B1 EBF7                <1>     jmp .10L
    34                              <1> 
    35                              <1> .10E:
    36                              <1> 
    37                              <1>     ; restore registers
    38 000000B3 5E                  <1>     pop si
    39 000000B4 5B                  <1>     pop bx
    40 000000B5 58                  <1>     pop ax
    41                              <1> 
    42                              <1>     ; discard stack frame
    43                              <1> 
    44 000000B6 89EC                <1>     mov sp, bp
    45 000000B8 5D                  <1>     pop bp
    46                              <1> 
    47 000000B9 C3                  <1>     ret
    57                                  
    58                                  ; ****************************
    59                                  ; ブートフラグ
    60                                  ; ****************************
    61 000000BA 00<rept>                    times 510 - ($ - $$) db 0x00
    62 000001FE 55AA                        db 0x55, 0xaa
